2026-09-20 07:12:34.847: [INFO] CurrentProfilePath: C:\Users\KRISHNA KUMAR\OneDrive\Documents\Java\.metadata\.plugins\org.eclipse.swt\EBWebView\Default
2026-09-20 07:12:34.847: [INFO] Profiles total count: 1
2026-09-20 07:12:34.847: [INFO] Profile: name=Profile 1 path=C:\Users\KRISHNA KUMAR\OneDrive\Documents\Java\.metadata\.plugins\org.eclipse.swt\EBWebView\Default lastActive=null
2026-09-20 07:12:34.847: [INFO] LastUsedProfileDir: C:\Users\KRISHNA KUMAR\OneDrive\Documents\Java\.metadata\.plugins\org.eclipse.swt\EBWebView\Default
2026-09-20 07:12:34.847: [INFO] OnDoneLoading sync enabled: 0
2026-09-20 07:12:34.847: [INFO] BookmarkModelLoaded, ids_reassigned: 0
2026-09-20 07:12:34.847: [INFO] BookmarksLoadDropped droppedNodes=0
2026-09-20 07:12:34.847: [INFO] BookmarksSnapshot Startup total=0 bar=0 other=0 mobile=0 showBar=0 showBarNTP=1
2026-09-20 07:12:45.385: [INFO] BookmarksSnapshot Shutdown total=0 bar=0 other=0 mobile=0 showBar=0 showBarNTP=1
2026-09-20 07:12:50.995: [INFO] CurrentProfilePath: C:\Users\KRISHNA KUMAR\OneDrive\Documents\Java\.metadata\.plugins\org.eclipse.swt\EBWebView\Default
2026-09-20 07:12:50.995: [INFO] Profiles total count: 1
2026-09-20 07:12:50.995: [INFO] Profile: name=Profile 1 path=C:\Users\KRISHNA KUMAR\OneDrive\Documents\Java\.metadata\.plugins\org.eclipse.swt\EBWebView\Default lastActive=2026-09-20T07:12:35.397Z
2026-09-20 07:12:50.995: [INFO] LastUsedProfileDir: C:\Users\KRISHNA KUMAR\OneDrive\Documents\Java\.metadata\.plugins\org.eclipse.swt\EBWebView\Default
2026-09-20 07:12:50.995: [INFO] MostRecentlyActiveProfile: name=Profile 1 path=C:\Users\KRISHNA KUMAR\OneDrive\Documents\Java\.metadata\.plugins\org.eclipse.swt\EBWebView\Default lastActive=2026-09-20T07:12:35.397Z
2026-09-20 07:12:50.995: [INFO] OnDoneLoading sync enabled: 0
2026-09-20 07:12:50.995: [INFO] BookmarkModelLoaded, ids_reassigned: 0
2026-09-20 07:12:50.995: [INFO] BookmarksLoadDropped droppedNodes=0
2026-09-20 07:12:50.995: [INFO] BookmarksSnapshot Startup total=0 bar=0 other=0 mobile=0 showBar=0 showBarNTP=1
2026-09-20 07:13:15.142: [INFO] BookmarksSnapshot Shutdown total=0 bar=0 other=0 mobile=0 showBar=0 showBarNTP=1
2026-09-20 07:13:39.188: [INFO] CurrentProfilePath: C:\Users\KRISHNA KUMAR\OneDrive\Documents\Java\.metadata\.plugins\org.eclipse.swt\EBWebView\Default
2026-09-20 07:13:39.188: [INFO] Profiles total count: 1
2026-09-20 07:13:39.188: [INFO] Profile: name=Profile 1 path=C:\Users\KRISHNA KUMAR\OneDrive\Documents\Java\.metadata\.plugins\org.eclipse.swt\EBWebView\Default lastActive=2026-09-20T07:13:14.877Z
2026-09-20 07:13:39.188: [INFO] LastUsedProfileDir: C:\Users\KRISHNA KUMAR\OneDrive\Documents\Java\.metadata\.plugins\org.eclipse.swt\EBWebView\Default
2026-09-20 07:13:39.188: [INFO] MostRecentlyActiveProfile: name=Profile 1 path=C:\Users\KRISHNA KUMAR\OneDrive\Documents\Java\.metadata\.plugins\org.eclipse.swt\EBWebView\Default lastActive=2026-09-20T07:13:14.877Z
2026-09-20 07:13:39.188: [INFO] OnDoneLoading sync enabled: 0
2026-09-20 07:13:39.188: [INFO] BookmarkModelLoaded, ids_reassigned: 0
2026-09-20 07:13:39.188: [INFO] BookmarksLoadDropped droppedNodes=0
2026-09-20 07:13:39.189: [INFO] BookmarksSnapshot Startup total=0 bar=0 other=0 mobile=0 showBar=0 showBarNTP=1
2026-09-20 07:15:04.838: [INFO] BookmarksSnapshot Shutdown total=0 bar=0 other=0 mobile=0 showBar=0 showBarNTP=1
2026-09-20 07:25:43.741: [INFO] CurrentProfilePath: C:\Users\KRISHNA KUMAR\OneDrive\Documents\Java\.metadata\.plugins\org.eclipse.swt\EBWebView\Default
2026-09-20 07:25:43.741: [INFO] Profiles total count: 1
2026-09-20 07:25:43.741: [INFO] Profile: name=Profile 1 path=C:\Users\KRISHNA KUMAR\OneDrive\Documents\Java\.metadata\.plugins\org.eclipse.swt\EBWebView\Default lastActive=2026-09-20T07:13:14.877Z
2026-09-20 07:25:43.741: [INFO] LastUsedProfileDir: C:\Users\KRISHNA KUMAR\OneDrive\Documents\Java\.metadata\.plugins\org.eclipse.swt\EBWebView\Default
2026-09-20 07:25:43.741: [INFO] MostRecentlyActiveProfile: name=Profile 1 path=C:\Users\KRISHNA KUMAR\OneDrive\Documents\Java\.metadata\.plugins\org.eclipse.swt\EBWebView\Default lastActive=2026-09-20T07:13:14.877Z
2026-09-20 07:25:43.741: [INFO] OnDoneLoading sync enabled: 0
2026-09-20 07:25:43.741: [INFO] BookmarkModelLoaded, ids_reassigned: 0
2026-09-20 07:25:43.741: [INFO] BookmarksLoadDropped droppedNodes=0
2026-09-20 07:25:43.741: [INFO] BookmarksSnapshot Startup total=0 bar=0 other=0 mobile=0 showBar=0 showBarNTP=1
2026-09-20 07:25:46.303: [INFO] BookmarksSnapshot Shutdown total=0 bar=0 other=0 mobile=0 showBar=0 showBarNTP=1
2026-09-20 07:26:44.051: [INFO] CurrentProfilePath: C:\Users\KRISHNA KUMAR\OneDrive\Documents\Java\.metadata\.plugins\org.eclipse.swt\EBWebView\Default
2026-09-20 07:26:44.051: [INFO] Profiles total count: 1
2026-09-20 07:26:44.051: [INFO] Profile: name=Profile 1 path=C:\Users\KRISHNA KUMAR\OneDrive\Documents\Java\.metadata\.plugins\org.eclipse.swt\EBWebView\Default lastActive=2026-09-20T07:13:14.877Z
2026-09-20 07:26:44.051: [INFO] LastUsedProfileDir: C:\Users\KRISHNA KUMAR\OneDrive\Documents\Java\.metadata\.plugins\org.eclipse.swt\EBWebView\Default
2026-09-20 07:26:44.051: [INFO] MostRecentlyActiveProfile: name=Profile 1 path=C:\Users\KRISHNA KUMAR\OneDrive\Documents\Java\.metadata\.plugins\org.eclipse.swt\EBWebView\Default lastActive=2026-09-20T07:13:14.877Z
2026-09-20 07:26:44.051: [INFO] OnDoneLoading sync enabled: 0
2026-09-20 07:26:44.051: [INFO] BookmarkModelLoaded, ids_reassigned: 0
2026-09-20 07:26:44.051: [INFO] BookmarksLoadDropped droppedNodes=0
2026-09-20 07:26:44.051: [INFO] BookmarksSnapshot Startup total=0 bar=0 other=0 mobile=0 showBar=0 showBarNTP=1
2026-09-20 07:26:47.284: [INFO] BookmarksSnapshot Shutdown total=0 bar=0 other=0 mobile=0 showBar=0 showBarNTP=1
2026-09-20 07:31:38.294: [INFO] CurrentProfilePath: C:\Users\KRISHNA KUMAR\OneDrive\Documents\Java\.metadata\.plugins\org.eclipse.swt\EBWebView\Default
2026-09-20 07:31:38.294: [INFO] Profiles total count: 1
2026-09-20 07:31:38.294: [INFO] Profile: name=Profile 1 path=C:\Users\KRISHNA KUMAR\OneDrive\Documents\Java\.metadata\.plugins\org.eclipse.swt\EBWebView\Default lastActive=2026-09-20T07:13:14.877Z
2026-09-20 07:31:38.294: [INFO] LastUsedProfileDir: C:\Users\KRISHNA KUMAR\OneDrive\Documents\Java\.metadata\.plugins\org.eclipse.swt\EBWebView\Default
2026-09-20 07:31:38.294: [INFO] MostRecentlyActiveProfile: name=Profile 1 path=C:\Users\KRISHNA KUMAR\OneDrive\Documents\Java\.metadata\.plugins\org.eclipse.swt\EBWebView\Default lastActive=2026-09-20T07:13:14.877Z
2026-09-20 07:31:38.294: [INFO] OnDoneLoading sync enabled: 0
2026-09-20 07:31:38.294: [INFO] BookmarkModelLoaded, ids_reassigned: 0
2026-09-20 07:31:38.294: [INFO] BookmarksLoadDropped droppedNodes=0
2026-09-20 07:31:38.294: [INFO] BookmarksSnapshot Startup total=0 bar=0 other=0 mobile=0 showBar=0 showBarNTP=1
2026-09-20 07:31:49.632: [INFO] BookmarksSnapshot Shutdown total=0 bar=0 other=0 mobile=0 showBar=0 showBarNTP=1
2026-09-20 08:02:59.899: [INFO] CurrentProfilePath: C:\Users\KRISHNA KUMAR\OneDrive\Documents\Java\.metadata\.plugins\org.eclipse.swt\EBWebView\Default
2026-09-20 08:02:59.899: [INFO] Profiles total count: 1
2026-09-20 08:02:59.899: [INFO] Profile: name=Profile 1 path=C:\Users\KRISHNA KUMAR\OneDrive\Documents\Java\.metadata\.plugins\org.eclipse.swt\EBWebView\Default lastActive=2026-09-20T07:13:14.877Z
2026-09-20 08:02:59.899: [INFO] LastUsedProfileDir: C:\Users\KRISHNA KUMAR\OneDrive\Documents\Java\.metadata\.plugins\org.eclipse.swt\EBWebView\Default
2026-09-20 08:02:59.899: [INFO] MostRecentlyActiveProfile: name=Profile 1 path=C:\Users\KRISHNA KUMAR\OneDrive\Documents\Java\.metadata\.plugins\org.eclipse.swt\EBWebView\Default lastActive=2026-09-20T07:13:14.877Z
2026-09-20 08:02:59.899: [INFO] OnDoneLoading sync enabled: 0
2026-09-20 08:02:59.899: [INFO] BookmarkModelLoaded, ids_reassigned: 0
2026-09-20 08:02:59.899: [INFO] BookmarksLoadDropped droppedNodes=0
2026-09-20 08:02:59.899: [INFO] BookmarksSnapshot Startup total=0 bar=0 other=0 mobile=0 showBar=0 showBarNTP=1
2026-09-20 08:06:08.579: [INFO] BookmarksSnapshot Shutdown total=0 bar=0 other=0 mobile=0 showBar=0 showBarNTP=1
2026-09-20 08:06:08.664: [INFO] CurrentProfilePath: C:\Users\KRISHNA KUMAR\OneDrive\Documents\Java\.metadata\.plugins\org.eclipse.swt\EBWebView\Default
2026-09-20 08:06:08.664: [INFO] Profiles total count: 1
2026-09-20 08:06:08.664: [INFO] Profile: name=Profile 1 path=C:\Users\KRISHNA KUMAR\OneDrive\Documents\Java\.metadata\.plugins\org.eclipse.swt\EBWebView\Default lastActive=2026-09-20T07:13:14.877Z
2026-09-20 08:06:08.664: [INFO] LastUsedProfileDir: C:\Users\KRISHNA KUMAR\OneDrive\Documents\Java\.metadata\.plugins\org.eclipse.swt\EBWebView\Default
2026-09-20 08:06:08.664: [INFO] MostRecentlyActiveProfile: name=Profile 1 path=C:\Users\KRISHNA KUMAR\OneDrive\Documents\Java\.metadata\.plugins\org.eclipse.swt\EBWebView\Default lastActive=2026-09-20T07:13:14.877Z
2026-09-20 08:06:08.664: [INFO] OnDoneLoading sync enabled: 0
2026-09-20 08:06:08.664: [INFO] BookmarkModelLoaded, ids_reassigned: 0
2026-09-20 08:06:08.664: [INFO] BookmarksLoadDropped droppedNodes=0
2026-09-20 08:06:08.664: [INFO] BookmarksSnapshot Startup total=0 bar=0 other=0 mobile=0 showBar=0 showBarNTP=1
2026-09-20 08:19:52.009: [INFO] BookmarksSnapshot Shutdown total=0 bar=0 other=0 mobile=0 showBar=0 showBarNTP=1
2026-09-20 08:23:06.625: [INFO] CurrentProfilePath: C:\Users\KRISHNA KUMAR\OneDrive\Documents\Java\.metadata\.plugins\org.eclipse.swt\EBWebView\Default
2026-09-20 08:23:06.625: [INFO] Profiles total count: 1
2026-09-20 08:23:06.625: [INFO] Profile: name=Profile 1 path=C:\Users\KRISHNA KUMAR\OneDrive\Documents\Java\.metadata\.plugins\org.eclipse.swt\EBWebView\Default lastActive=2026-09-20T07:13:14.877Z
2026-09-20 08:23:06.625: [INFO] LastUsedProfileDir: C:\Users\KRISHNA KUMAR\OneDrive\Documents\Java\.metadata\.plugins\org.eclipse.swt\EBWebView\Default
2026-09-20 08:23:06.625: [INFO] MostRecentlyActiveProfile: name=Profile 1 path=C:\Users\KRISHNA KUMAR\OneDrive\Documents\Java\.metadata\.plugins\org.eclipse.swt\EBWebView\Default lastActive=2026-09-20T07:13:14.877Z
2026-09-20 08:23:06.625: [INFO] OnDoneLoading sync enabled: 0
2026-09-20 08:23:06.625: [INFO] BookmarkModelLoaded, ids_reassigned: 0
2026-09-20 08:23:06.625: [INFO] BookmarksLoadDropped droppedNodes=0
2026-09-20 08:23:06.625: [INFO] BookmarksSnapshot Startup total=0 bar=0 other=0 mobile=0 showBar=0 showBarNTP=1
2026-09-20 11:36:35.834: [INFO] BookmarksSnapshot Shutdown total=0 bar=0 other=0 mobile=0 showBar=0 showBarNTP=1
2026-09-20 11:37:24.606: [INFO] CurrentProfilePath: C:\Users\KRISHNA KUMAR\OneDrive\Documents\Java\.metadata\.plugins\org.eclipse.swt\EBWebView\Default
2026-09-20 11:37:24.606: [INFO] Profiles total count: 1
2026-09-20 11:37:24.606: [INFO] Profile: name=Profile 1 path=C:\Users\KRISHNA KUMAR\OneDrive\Documents\Java\.metadata\.plugins\org.eclipse.swt\EBWebView\Default lastActive=2026-09-20T07:13:14.877Z
2026-09-20 11:37:24.606: [INFO] LastUsedProfileDir: C:\Users\KRISHNA KUMAR\OneDrive\Documents\Java\.metadata\.plugins\org.eclipse.swt\EBWebView\Default
2026-09-20 11:37:24.606: [INFO] MostRecentlyActiveProfile: name=Profile 1 path=C:\Users\KRISHNA KUMAR\OneDrive\Documents\Java\.metadata\.plugins\org.eclipse.swt\EBWebView\Default lastActive=2026-09-20T07:13:14.877Z
2026-09-20 11:37:24.606: [INFO] OnDoneLoading sync enabled: 0
2026-09-20 11:37:24.606: [INFO] BookmarkModelLoaded, ids_reassigned: 0
2026-09-20 11:37:24.606: [INFO] BookmarksLoadDropped droppedNodes=0
2026-09-20 11:37:24.606: [INFO] BookmarksSnapshot Startup total=0 bar=0 other=0 mobile=0 showBar=0 showBarNTP=1
2026-09-20 11:38:22.148: [INFO] BookmarksSnapshot Shutdown total=0 bar=0 other=0 mobile=0 showBar=0 showBarNTP=1
2026-09-20 12:18:33.161: [INFO] CurrentProfilePath: C:\Users\KRISHNA KUMAR\OneDrive\Documents\Java\.metadata\.plugins\org.eclipse.swt\EBWebView\Default
2026-09-20 12:18:33.161: [INFO] Profiles total count: 1
2026-09-20 12:18:33.161: [INFO] Profile: name=Profile 1 path=C:\Users\KRISHNA KUMAR\OneDrive\Documents\Java\.metadata\.plugins\org.eclipse.swt\EBWebView\Default lastActive=2026-09-20T07:13:14.877Z
2026-09-20 12:18:33.161: [INFO] LastUsedProfileDir: C:\Users\KRISHNA KUMAR\OneDrive\Documents\Java\.metadata\.plugins\org.eclipse.swt\EBWebView\Default
2026-09-20 12:18:33.161: [INFO] MostRecentlyActiveProfile: name=Profile 1 path=C:\Users\KRISHNA KUMAR\OneDrive\Documents\Java\.metadata\.plugins\org.eclipse.swt\EBWebView\Default lastActive=2026-09-20T07:13:14.877Z
2026-09-20 12:18:33.161: [INFO] OnDoneLoading sync enabled: 0
2026-09-20 12:18:33.161: [INFO] BookmarkModelLoaded, ids_reassigned: 0
2026-09-20 12:18:33.161: [INFO] BookmarksLoadDropped droppedNodes=0
2026-09-20 12:18:33.161: [INFO] BookmarksSnapshot Startup total=0 bar=0 other=0 mobile=0 showBar=0 showBarNTP=1
2026-09-20 12:49:27.464: [INFO] BookmarksSnapshot Shutdown total=0 bar=0 other=0 mobile=0 showBar=0 showBarNTP=1
2026-09-20 14:01:08.350: [INFO] CurrentProfilePath: C:\Users\KRISHNA KUMAR\OneDrive\Documents\Java\.metadata\.plugins\org.eclipse.swt\EBWebView\Default
2026-09-20 14:01:08.350: [INFO] Profiles total count: 1
2026-09-20 14:01:08.351: [INFO] Profile: name=Profile 1 path=C:\Users\KRISHNA KUMAR\OneDrive\Documents\Java\.metadata\.plugins\org.eclipse.swt\EBWebView\Default lastActive=2026-09-20T07:13:14.877Z
2026-09-20 14:01:08.351: [INFO] LastUsedProfileDir: C:\Users\KRISHNA KUMAR\OneDrive\Documents\Java\.metadata\.plugins\org.eclipse.swt\EBWebView\Default
2026-09-20 14:01:08.352: [INFO] MostRecentlyActiveProfile: name=Profile 1 path=C:\Users\KRISHNA KUMAR\OneDrive\Documents\Java\.metadata\.plugins\org.eclipse.swt\EBWebView\Default lastActive=2026-09-20T07:13:14.877Z
2026-09-20 14:01:08.352: [INFO] OnDoneLoading sync enabled: 0
2026-09-20 14:01:08.352: [INFO] BookmarkModelLoaded, ids_reassigned: 0
2026-09-20 14:01:08.352: [INFO] BookmarksLoadDropped droppedNodes=0
2026-09-20 14:01:08.352: [INFO] BookmarksSnapshot Startup total=0 bar=0 other=0 mobile=0 showBar=0 showBarNTP=1
2026-09-20 14:01:22.122: [INFO] BookmarksSnapshot Shutdown total=0 bar=0 other=0 mobile=0 showBar=0 showBarNTP=1
2026-09-20 14:15:04.587: [INFO] CurrentProfilePath: C:\Users\KRISHNA KUMAR\OneDrive\Documents\Java\.metadata\.plugins\org.eclipse.swt\EBWebView\Default
2026-09-20 14:15:04.587: [INFO] Profiles total count: 1
2026-09-20 14:15:04.587: [INFO] Profile: name=Profile 1 path=C:\Users\KRISHNA KUMAR\OneDrive\Documents\Java\.metadata\.plugins\org.eclipse.swt\EBWebView\Default lastActive=2026-09-20T07:13:14.877Z
2026-09-20 14:15:04.587: [INFO] LastUsedProfileDir: C:\Users\KRISHNA KUMAR\OneDrive\Documents\Java\.metadata\.plugins\org.eclipse.swt\EBWebView\Default
2026-09-20 14:15:04.587: [INFO] MostRecentlyActiveProfile: name=Profile 1 path=C:\Users\KRISHNA KUMAR\OneDrive\Documents\Java\.metadata\.plugins\org.eclipse.swt\EBWebView\Default lastActive=2026-09-20T07:13:14.877Z
2026-09-20 14:15:04.587: [INFO] OnDoneLoading sync enabled: 0
2026-09-20 14:15:04.588: [INFO] BookmarkModelLoaded, ids_reassigned: 0
2026-09-20 14:15:04.588: [INFO] BookmarksLoadDropped droppedNodes=0
2026-09-20 14:15:04.588: [INFO] BookmarksSnapshot Startup total=0 bar=0 other=0 mobile=0 showBar=0 showBarNTP=1
2026-09-20 17:09:25.860: [INFO] BookmarksSnapshot Shutdown total=0 bar=0 other=0 mobile=0 showBar=0 showBarNTP=1
